[     147ms] [LOG] [Fast Refresh] rebuilding @ http://localhost:3210/_next/static/chunks/node_modules_next_dist_6024eba3._.js:1231
[     361ms] [LOG] [Fast Refresh] done in 315ms @ http://localhost:3210/_next/static/chunks/node_modules_next_dist_6024eba3._.js:1231
[     394ms] [INFO] %cDownload the React DevTools for a better development experience: https://react.dev/link/react-devtools font-weight:bold @ http://localhost:3210/_next/static/chunks/node_modules_react-dom_4411d9bd._.js:14107
[     402ms] [LOG] [HMR] connected @ http://localhost:3210/_next/static/chunks/node_modules_next_dist_6024eba3._.js:1231
[     507ms] [WARNING] Do not add stylesheets using next/head (see <link rel="stylesheet"> tag with href="https://fonts.googleapis.com/css2?family=DotGothic16&display=swap"). Use Document instead. 
See more info here: https://nextjs.org/docs/messages/no-stylesheets-in-head-component @ http://localhost:3210/_next/static/chunks/node_modules_next_dist_6024eba3._.js:1231
[     507ms] [WARNING] Do not add stylesheets using next/head (see <link rel="stylesheet"> tag with href="/open-door/noe.css"). Use Document instead. 
See more info here: https://nextjs.org/docs/messages/no-stylesheets-in-head-component @ http://localhost:3210/_next/static/chunks/node_modules_next_dist_6024eba3._.js:1231
[     507ms] [WARNING] Do not add stylesheets using next/head (see <link rel="stylesheet"> tag with href="/open-door/styles.css"). Use Document instead. 
See more info here: https://nextjs.org/docs/messages/no-stylesheets-in-head-component @ http://localhost:3210/_next/static/chunks/node_modules_next_dist_6024eba3._.js:1231
[   37159ms] [ERROR] WebSocket connection to 'ws://localhost:3210/_next/webpack-hmr' failed:  @ http://localhost:3210/_next/static/chunks/node_modules_next_dist_client_d0aa886c._.js:2231
[   38164ms] [ERROR] WebSocket connection to 'ws://localhost:3210/_next/webpack-hmr' failed: Error in connection establishment: net::ERR_CONNECTION_REFUSED @ http://localhost:3210/_next/static/chunks/node_modules_next_dist_client_d0aa886c._.js:2231
[   39166ms] [ERROR] WebSocket connection to 'ws://localhost:3210/_next/webpack-hmr' failed: Error in connection establishment: net::ERR_CONNECTION_REFUSED @ http://localhost:3210/_next/static/chunks/node_modules_next_dist_client_d0aa886c._.js:2231
[   40169ms] [ERROR] WebSocket connection to 'ws://localhost:3210/_next/webpack-hmr' failed: Error in connection establishment: net::ERR_CONNECTION_REFUSED @ http://localhost:3210/_next/static/chunks/node_modules_next_dist_client_d0aa886c._.js:2231
[   41171ms] [ERROR] WebSocket connection to 'ws://localhost:3210/_next/webpack-hmr' failed: Error in connection establishment: net::ERR_CONNECTION_REFUSED @ http://localhost:3210/_next/static/chunks/node_modules_next_dist_client_d0aa886c._.js:2231
[   42174ms] [ERROR] WebSocket connection to 'ws://localhost:3210/_next/webpack-hmr' failed: Error in connection establishment: net::ERR_CONNECTION_REFUSED @ http://localhost:3210/_next/static/chunks/node_modules_next_dist_client_d0aa886c._.js:2231
[   47181ms] [ERROR] WebSocket connection to 'ws://localhost:3210/_next/webpack-hmr' failed: Error in connection establishment: net::ERR_CONNECTION_REFUSED @ http://localhost:3210/_next/static/chunks/node_modules_next_dist_client_d0aa886c._.js:2231
[   52190ms] [ERROR] WebSocket connection to 'ws://localhost:3210/_next/webpack-hmr' failed: Error in connection establishment: net::ERR_CONNECTION_REFUSED @ http://localhost:3210/_next/static/chunks/node_modules_next_dist_client_d0aa886c._.js:2231
[   57213ms] [ERROR] WebSocket connection to 'ws://localhost:3210/_next/webpack-hmr' failed: Error in connection establishment: net::ERR_CONNECTION_REFUSED @ http://localhost:3210/_next/static/chunks/node_modules_next_dist_client_d0aa886c._.js:2231
[   62251ms] [ERROR] WebSocket connection to 'ws://localhost:3210/_next/webpack-hmr' failed: Error in connection establishment: net::ERR_CONNECTION_REFUSED @ http://localhost:3210/_next/static/chunks/node_modules_next_dist_client_d0aa886c._.js:2231
[   67313ms] [ERROR] WebSocket connection to 'ws://localhost:3210/_next/webpack-hmr' failed: Error in connection establishment: net::ERR_CONNECTION_REFUSED @ http://localhost:3210/_next/static/chunks/node_modules_next_dist_client_d0aa886c._.js:2231
[   72386ms] [ERROR] WebSocket connection to 'ws://localhost:3210/_next/webpack-hmr' failed: Error in connection establishment: net::ERR_CONNECTION_REFUSED @ http://localhost:3210/_next/static/chunks/node_modules_next_dist_client_d0aa886c._.js:2231
[   77650ms] [ERROR] WebSocket connection to 'ws://localhost:3210/_next/webpack-hmr' failed: Error in connection establishment: net::ERR_CONNECTION_REFUSED @ http://localhost:3210/_next/static/chunks/node_modules_next_dist_client_d0aa886c._.js:2231
